[INFO] [1789104084.721931003] [rosbag2_storage]: Opened database '/home/chanho/data/kitti/lidar/output_ros2.db3' for READ_ONLY.
[INFO] [1789104095.844633189] [paced_bag_player]: first odometry after 27 scans; 24 consumed by initialization
[INFO] [1789104097.745493051] [paced_bag_player]: scan 100 | bag t=   10.3s | odometry 74 | skipped 24 | wall     11s (9.1 scans/s)
[INFO] [1789104100.535333279] [paced_bag_player]: scan 200 | bag t=   20.7s | odometry 174 | skipped 24 | wall     14s (14.5 scans/s)
[INFO] [1789104103.827031415] [paced_bag_player]: scan 300 | bag t=   31.1s | odometry 274 | skipped 24 | wall     17s (17.6 scans/s)
[INFO] [1789104107.128871936] [paced_bag_player]: scan 400 | bag t=   41.5s | odometry 374 | skipped 24 | wall     20s (19.6 scans/s)
[INFO] [1789104109.946926362] [paced_bag_player]: scan 500 | bag t=   51.9s | odometry 474 | skipped 24 | wall     23s (21.5 scans/s)
[INFO] [1789104112.919322814] [paced_bag_player]: scan 600 | bag t=   62.2s | odometry 574 | skipped 24 | wall     26s (22.9 scans/s)
[INFO] [1789104116.644958090] [paced_bag_player]: scan 700 | bag t=   72.6s | odometry 674 | skipped 24 | wall     30s (23.4 scans/s)
[INFO] [1789104120.678963746] [paced_bag_player]: scan 800 | bag t=   83.0s | odometry 774 | skipped 24 | wall     34s (23.6 scans/s)
[INFO] [1789104123.529724261] [paced_bag_player]: scan 900 | bag t=   93.4s | odometry 874 | skipped 24 | wall     37s (24.5 scans/s)
[INFO] [1789104127.292873590] [paced_bag_player]: scan 1000 | bag t=  103.8s | odometry 974 | skipped 24 | wall     41s (24.7 scans/s)
[INFO] [1789104131.065287813] [paced_bag_player]: scan 1100 | bag t=  114.2s | odometry 1074 | skipped 24 | wall     44s (24.8 scans/s)
[INFO] [1789104136.549805156] [paced_bag_player]: scan 1200 | bag t=  124.6s | odometry 1174 | skipped 24 | wall     50s (24.1 scans/s)
[INFO] [1789104141.766771937] [paced_bag_player]: scan 1300 | bag t=  135.0s | odometry 1274 | skipped 24 | wall     55s (23.6 scans/s)
[INFO] [1789104146.874118161] [paced_bag_player]: scan 1400 | bag t=  145.3s | odometry 1374 | skipped 24 | wall     60s (23.3 scans/s)
[INFO] [1789104152.009456231] [paced_bag_player]: scan 1500 | bag t=  155.7s | odometry 1474 | skipped 24 | wall     65s (23.0 scans/s)
[INFO] [1789104156.683259048] [paced_bag_player]: scan 1600 | bag t=  166.1s | odometry 1574 | skipped 24 | wall     70s (22.9 scans/s)
[INFO] [1789104159.477610171] [paced_bag_player]: scan 1700 | bag t=  176.5s | odometry 1674 | skipped 24 | wall     73s (23.4 scans/s)
[INFO] [1789104161.967827224] [paced_bag_player]: scan 1800 | bag t=  186.9s | odometry 1774 | skipped 24 | wall     75s (23.9 scans/s)
[INFO] [1789104165.741965638] [paced_bag_player]: scan 1900 | bag t=  197.3s | odometry 1874 | skipped 24 | wall     79s (24.1 scans/s)
[INFO] [1789104168.481936717] [paced_bag_player]: scan 2000 | bag t=  207.7s | odometry 1974 | skipped 24 | wall     82s (24.5 scans/s)
[INFO] [1789104171.185325875] [paced_bag_player]: scan 2100 | bag t=  218.1s | odometry 2074 | skipped 24 | wall     84s (24.9 scans/s)
[INFO] [1789104175.768435610] [paced_bag_player]: scan 2200 | bag t=  228.5s | odometry 2174 | skipped 24 | wall     89s (24.7 scans/s)
[INFO] [1789104178.595305789] [paced_bag_player]: scan 2300 | bag t=  238.8s | odometry 2274 | skipped 24 | wall     92s (25.0 scans/s)
[INFO] [1789104181.053253742] [paced_bag_player]: scan 2400 | bag t=  249.2s | odometry 2374 | skipped 24 | wall     94s (25.4 scans/s)
[INFO] [1789104184.697510256] [paced_bag_player]: scan 2500 | bag t=  259.6s | odometry 2474 | skipped 24 | wall     98s (25.5 scans/s)
[INFO] [1789104188.262357262] [paced_bag_player]: scan 2600 | bag t=  270.0s | odometry 2574 | skipped 24 | wall    102s (25.6 scans/s)
[INFO] [1789104191.821319801] [paced_bag_player]: scan 2700 | bag t=  280.4s | odometry 2674 | skipped 24 | wall    105s (25.7 scans/s)
[INFO] [1789104196.813122667] [paced_bag_player]: scan 2800 | bag t=  290.8s | odometry 2774 | skipped 24 | wall    110s (25.4 scans/s)
[INFO] [1789104201.952580422] [paced_bag_player]: scan 2900 | bag t=  301.2s | odometry 2874 | skipped 24 | wall    115s (25.2 scans/s)
[INFO] [1789104207.642917458] [paced_bag_player]: scan 3000 | bag t=  311.6s | odometry 2974 | skipped 24 | wall    121s (24.8 scans/s)
[INFO] [1789104211.474124760] [paced_bag_player]: scan 3100 | bag t=  322.0s | odometry 3074 | skipped 24 | wall    125s (24.9 scans/s)
[INFO] [1789104213.908811638] [paced_bag_player]: scan 3200 | bag t=  332.4s | odometry 3174 | skipped 24 | wall    127s (25.2 scans/s)
[INFO] [1789104216.407390636] [paced_bag_player]: scan 3300 | bag t=  342.8s | odometry 3274 | skipped 24 | wall    130s (25.4 scans/s)
[INFO] [1789104218.800224424] [paced_bag_player]: scan 3400 | bag t=  353.2s | odometry 3374 | skipped 24 | wall    132s (25.7 scans/s)
[INFO] [1789104221.245993760] [paced_bag_player]: scan 3500 | bag t=  363.6s | odometry 3474 | skipped 24 | wall    135s (26.0 scans/s)
[INFO] [1789104223.984972579] [paced_bag_player]: scan 3600 | bag t=  374.0s | odometry 3574 | skipped 24 | wall    137s (26.2 scans/s)
[INFO] [1789104227.539850748] [paced_bag_player]: scan 3700 | bag t=  384.4s | odometry 3674 | skipped 24 | wall    141s (26.3 scans/s)
[INFO] [1789104230.642295970] [paced_bag_player]: scan 3800 | bag t=  394.8s | odometry 3774 | skipped 24 | wall    144s (26.4 scans/s)
[INFO] [1789104234.208729240] [paced_bag_player]: scan 3900 | bag t=  405.1s | odometry 3874 | skipped 24 | wall    147s (26.4 scans/s)
[INFO] [1789104238.459152714] [paced_bag_player]: scan 4000 | bag t=  415.5s | odometry 3974 | skipped 24 | wall    152s (26.4 scans/s)
[INFO] [1789104243.291653925] [paced_bag_player]: scan 4100 | bag t=  425.9s | odometry 4074 | skipped 24 | wall    157s (26.2 scans/s)
[INFO] [1789104247.712939562] [paced_bag_player]: scan 4200 | bag t=  436.3s | odometry 4174 | skipped 24 | wall    161s (26.1 scans/s)
[INFO] [1789104250.509179230] [paced_bag_player]: scan 4300 | bag t=  446.7s | odometry 4274 | skipped 24 | wall    164s (26.3 scans/s)
[INFO] [1789104253.326237207] [paced_bag_player]: scan 4400 | bag t=  457.1s | odometry 4374 | skipped 24 | wall    167s (26.4 scans/s)
[INFO] [1789104256.633364650] [paced_bag_player]: scan 4500 | bag t=  467.5s | odometry 4474 | skipped 24 | wall    170s (26.5 scans/s)
[INFO] [1789104260.046339561] [paced_bag_player]: scan 4600 | bag t=  477.9s | odometry 4574 | skipped 24 | wall    173s (26.5 scans/s)
[INFO] [1789104262.768363035] [paced_bag_player]: scan 4700 | bag t=  488.3s | odometry 4674 | skipped 24 | wall    176s (26.7 scans/s)
[INFO] [1789104265.329526364] [paced_bag_player]: scan 4800 | bag t=  498.7s | odometry 4774 | skipped 24 | wall    179s (26.9 scans/s)
[INFO] [1789104268.722956485] [paced_bag_player]: scan 4900 | bag t=  509.1s | odometry 4874 | skipped 24 | wall    182s (26.9 scans/s)
[INFO] [1789104271.964335651] [paced_bag_player]: scan 5000 | bag t=  519.4s | odometry 4974 | skipped 24 | wall    185s (27.0 scans/s)
[INFO] [1789104275.219939226] [paced_bag_player]: scan 5100 | bag t=  529.8s | odometry 5074 | skipped 24 | wall    188s (27.1 scans/s)
[INFO] [1789104279.082376460] [paced_bag_player]: bag done: published {'/imu_raw': 53663, '/gps/fix': 5177, '/points_raw': 5177}; waiting for the odometer to settle
[INFO] [1789104284.188774852] [paced_bag_player]: finished: 5177 scans published, 5153 odometry received, 24 assumed skipped, wall 197s
